../Core/Src/main.c:65:6:EXTI15_10_IRQHandler	4	static
../Core/Src/main.c:83:6:do_sys_config	8	static
../Core/Src/main.c:278:6:reply_USART1	152	static
../Core/Src/main.c:319:6:send_USART1	16	static
../Core/Src/main.c:325:6:ESP_Init	144	static
../Core/Src/main.c:344:6:ThingSpeak_Init	8	static
../Core/Src/main.c:351:6:ESP_Send	712	static
../Core/Src/main.c:394:6:GPIO_Init	4	static
../Core/Src/main.c:428:6:IWDG_Init	4	static
../Core/Src/main.c:438:6:IWDG_Refresh	4	static
../Core/Src/main.c:444:5:main	32	static
../Core/Src/main.c:472:6:delay	24	static
